// Jest Snapshot v1, https://goo.gl/fbAQLP

exports[`Configuration should reject invalid configuration 1`] = `""probes" must be an array"`;
